* errors
[4.5] `END' expected but `1' found

    1 := 2

    ^
