* errors
[8.13] integer will not fit into 32 bits

    avar := 2147483648

            ^
