* errors
[1.8] ident expected

MODULE VAR;

       ^
