* errors
[6.1] `END' expected but `C' found

CONST

^
