[6.11] string matching regex `[a-zA-Z][a-zA-Z0-9]*' expected but `1' found

    x : ( 10 );

          ^
