[6.23] `)' expected but `e' found

    x : ( harold, bob eugene );

                      ^
