[6.18] `)' expected but `b' found

    x : ( harold bob );

                 ^
