[6.19] string matching regex `[a-zA-Z][a-zA-Z0-9]*' expected but `8' found

    x : ( harold, 802 );

                  ^
