* errors
[5.1] end of source while parsing whitespace


^
