[11.7] `DO' expected but `R' found

      Result := 0;

      ^
