[11.7] keyword "DO" found where variable name expected

      Result := 0;

      ^
