[16.17] `:=' expected but `D' found

   DivideByZero DO

                ^
