[14.1] keyword "DO" found where variable name expected

END ExErr4a.

^
